// Jest Snapshot v1, https://goo.gl/fbAQLP

exports[`renders Footer correctly 1`] = `
<section
  className="about-section feature-section"
>
  <div
    className="mt-2 row"
  >
    <div
      className="col-sm-6"
    >
      <img
        alt="home"
        className="img-fluid"
        src="WhatsApp Image 2023-05-16 at 3.38.19 PM.jpeg"
      />
    </div>
    <div
      className="pt-5 col-sm-6"
    >
      <h4
        className="about-section__left-title pt-5"
      >
        Only best place for your rest
      </h4>
      <p
        className="about-section__desc"
      >
        More than hundreds of house at your disposal. Only the best and checked with owners. We will find best place for you and conditions for a safe and comfortable place.
      </p>
      <p>
        <a
          className="btn btn-oval"
          href="#link"
        >
          Learn more
        </a>
      </p>
    </div>
  </div>
</section>
`;
