// Jest Snapshot v1, https://goo.gl/fbAQLP

exports[`renders Footer correctly 1`] = `
<header
  className="header"
>
  <nav
    className="custom-navbar navbar navbar-expand-sm navbar-light"
  >
    <a
      className="navbar-brand"
      href="/"
    >
      <img
        alt="circle"
        className="logo"
        src="logo-fotor-bg-remover-2023051812511.png"
      />
    </a>
    <button
      aria-controls="responsive-navbar-nav"
      aria-label="Toggle navigation"
      className="navbar-toggler collapsed"
      onClick={[Function]}
      style={
        Object {
          "fontSize": "2rem",
          "padding": "0.5rem",
        }
      }
      type="button"
    >
      <span
        className="navbar-toggler-icon"
      />
    </button>
    <div
      aria-expanded={null}
      className="navbar-collapse collapse"
      id="responsive-navbar-nav"
    >
      <div
        className="mr-auto navbar-nav"
        onKeyDown={[Function]}
      />
      <div
        className="navbar-nav"
        onKeyDown={[Function]}
      >
        <a
          className="nav-link white "
          href="/login"
          onClick={[Function]}
          style={
            Object {
              "fontSize": "1.3rem",
              "fontWeight": "550",
            }
          }
        >
          SIGN IN
        </a>
        <a
          className="nav-link"
          href="/register"
          onClick={[Function]}
          style={
            Object {
              "fontSize": "1.3rem",
              "fontWeight": "500",
            }
          }
        >
          <span
            className="btn-menu"
          >
            SIGN UP
          </span>
        </a>
      </div>
    </div>
  </nav>
  <div
    className="header-content mt-5"
  >
    <h1
      className="header-content__title"
    >
      Finding house anywhere
    </h1>
    <p
      className="header-content__desc"
    >
      The best offers for you at any point of your journey. where ever you are, feel yourself like at your own home.
    </p>
    <p>
      <a
        className="btn btn-oval"
        href="/register"
        onClick={[Function]}
      >
        Hire Now
      </a>
    </p>
  </div>
</header>
`;
